2025-11-07 15:17:21,746 - INFO - Processing started.
2025-11-07 15:17:21,748 - ERROR - Error during processing.
Traceback (most recent call last):
  File "D:\TRC Webpage\venv\Lib\site-packages\pandas\compat\_optional.py", line 135, in import_optional_dependency
    module = importlib.import_module(name)
  File "C:\Users\trcla\AppData\Local\Programs\Python\Python313\Lib\importlib\__init__.py", line 88, in import_module
    return _bootstrap._gcd_import(name[level:], package, level)
           ~~~~~~~~~~~~~~~~~~~~~~^^^^^^^^^^^^^^^^^^^^^^^^^^^^^^
  File "<frozen importlib._bootstrap>", line 1387, in _gcd_import
  File "<frozen importlib._bootstrap>", line 1360, in _find_and_load
  File "<frozen importlib._bootstrap>", line 1324, in _find_and_load_unlocked
ModuleNotFoundError: No module named 'openpyxl'

During handling of the above exception, another exception occurred:

Traceback (most recent call last):
  File "D:\TRC Webpage\scripts\tds_web.py", line 12, in process_tds
    zfi071_df = pd.read_excel(zfi071_file)
  File "D:\TRC Webpage\venv\Lib\site-packages\pandas\io\excel\_base.py", line 495, in read_excel
    io = ExcelFile(
        io,
    ...<2 lines>...
        engine_kwargs=engine_kwargs,
    )
  File "D:\TRC Webpage\venv\Lib\site-packages\pandas\io\excel\_base.py", line 1567, in __init__
    self._reader = self._engines[engine](
                   ~~~~~~~~~~~~~~~~~~~~~^
        self._io,
        ^^^^^^^^^
        storage_options=storage_options,
        ^^^^^^^^^^^^^^^^^^^^^^^^^^^^^^^^
        engine_kwargs=engine_kwargs,
        ^^^^^^^^^^^^^^^^^^^^^^^^^^^^
    )
    ^
  File "D:\TRC Webpage\venv\Lib\site-packages\pandas\io\excel\_openpyxl.py", line 552, in __init__
    import_optional_dependency("openpyxl")
    ~~~~~~~~~~~~~~~~~~~~~~~~~~^^^^^^^^^^^^
  File "D:\TRC Webpage\venv\Lib\site-packages\pandas\compat\_optional.py", line 138, in import_optional_dependency
    raise ImportError(msg)
ImportError: Missing optional dependency 'openpyxl'.  Use pip or conda to install openpyxl.
2025-11-07 15:17:21,753 - INFO - 127.0.0.1 - - [07/Nov/2025 15:17:21] "POST /tds HTTP/1.1" 200 -
2025-11-07 15:18:54,921 - INFO - Processing started.
2025-11-07 15:19:48,635 - INFO - Process completed successfully.
2025-11-07 15:19:48,674 - INFO - 127.0.0.1 - - [07/Nov/2025 15:19:48] "POST /tds HTTP/1.1" 200 -
2025-11-07 15:20:24,231 - INFO - 127.0.0.1 - - [07/Nov/2025 15:20:24] "GET / HTTP/1.1" 200 -
2025-11-07 15:30:04,108 - INFO - Processing started.
2025-11-07 15:30:23,836 - INFO - Process completed successfully.
2025-11-07 15:30:23,858 - INFO - 127.0.0.1 - - [07/Nov/2025 15:30:23] "POST /tds HTTP/1.1" 200 -
2025-11-07 15:35:25,936 - INFO -  * Detected change in 'D:\\TRC Webpage\\scripts\\tds_web.py', reloading
